{
  "a": "",
  "b": "b",
  "c": "`c",
  "d": {
    "da": "da",
    "db": ""
  }
}
