{
  "d": {
    "db": "",
    "da": "da"
  },
  "c": "`c",
  "b": "b",
  "a": ""
}
