{
  "a": "",
  "c": "`c",
  "d": {
    "db": "",
    "da": "da"
  },
  "b": "b"
}
