{
  "a": "",
  "c": "`c",
  "d": {
    "db": ""
  }
}
